
> react-kavia@0.1.0 start
> cross-env EDIT_MODE=true webpack serve --config .ve/webpack.config.js --mode development

<i> [webpack-dev-server] Project is running at:
<i> [webpack-dev-server] Loopback: http://localhost:3000/, http://[::1]:3000/
<i> [webpack-dev-server] On Your Network (IPv4): http://172.17.0.2:3000/
<i> [webpack-dev-server] Content not from webpack is served from './public' directory
Injecting EditorRootWrapper import: ../.ve/EditorRootWrapper
asset bundle.js 1.83 MiB [emitted] (name: main)
asset index.html 1.92 KiB [emitted]
runtime modules 27.5 KiB 14 modules
orphan modules 409 bytes [orphan] 3 modules
modules by path ./node_modules/ 1.56 MiB 87 modules
modules by path ./src/ 34.9 KiB
  modules by path ./src/*.js 27.4 KiB 4 modules
  modules by path ./src/*.css 7.49 KiB
    ./src/index.css 2.23 KiB [built] [code generated]
    + 3 modules
modules by path ./.ve/ 15.1 KiB
  modules by path ./.ve/*.js 10.6 KiB 2 modules
  modules by path ./.ve/*.css 2.93 KiB
    ./.ve/EditorOverlay.css 2.25 KiB [built] [code generated]
    ./node_modules/css-loader/dist/cjs.js!./.ve/EditorOverlay.css 697 bytes [built] [code generated]
  ./.ve/EditorOverlay.jsx 1.58 KiB [built] [code generated]
webpack 5.99.9 compiled successfully in 1759 ms
assets by status 1.92 KiB [cached] 1 asset
assets by path *.js 1.86 MiB
  asset bundle.js 1.83 MiB [emitted] (name: main)
  asset main.34b0f6d3b4cb7e0be7ff.hot-update.js 31.1 KiB [emitted] [immutable] [hmr] (name: main)
asset main.34b0f6d3b4cb7e0be7ff.hot-update.json 28 bytes [emitted] [immutable] [hmr]
Entrypoint main 1.86 MiB = bundle.js 1.83 MiB main.34b0f6d3b4cb7e0be7ff.hot-update.js 31.1 KiB
cached modules 1.58 MiB [cached] 102 modules
runtime modules 27.5 KiB 14 modules
./src/SyncStreamMain.js 25 KiB [built] [code generated]
webpack 5.99.9 compiled successfully in 113 ms
assets by status 1.92 KiB [cached] 1 asset
assets by path *.js 1.86 MiB
  asset bundle.js 1.83 MiB [emitted] (name: main)
  asset main.690b2f0288279fd07019.hot-update.js 31 KiB [emitted] [immutable] [hmr] (name: main)
asset main.690b2f0288279fd07019.hot-update.json 28 bytes [emitted] [immutable] [hmr]
Entrypoint main 1.86 MiB = bundle.js 1.83 MiB main.690b2f0288279fd07019.hot-update.js 31 KiB
cached modules 1.58 MiB [cached] 102 modules
runtime modules 27.5 KiB 14 modules
./src/SyncStreamMain.js 24.9 KiB [built] [code generated]
webpack 5.99.9 compiled successfully in 91 ms
assets by status 1.83 MiB [cached] 2 assets
cached modules 1.58 MiB (javascript) 27.5 KiB (runtime) [cached] 116 modules
./src/SyncStreamMain.js 24.9 KiB [built]
webpack 5.99.9 compiled successfully in 83 ms
<i> [webpack-dev-middleware] wait until bundle finished: /
assets by status 1.83 MiB [cached] 2 assets
cached modules 1.58 MiB (javascript) 27.5 KiB (runtime) [cached] 116 modules
./src/SyncStreamMain.js 24.9 KiB [built]
webpack 5.99.9 compiled successfully in 71 ms
assets by status 1.83 MiB [cached] 2 assets
cached modules 1.58 MiB (javascript) 27.5 KiB (runtime) [cached] 116 modules
./src/SyncStreamMain.js 24.9 KiB [built]
webpack 5.99.9 compiled successfully in 130 ms
Injecting EditorRootWrapper import: ../.ve/EditorRootWrapper
assets by status 1.92 KiB [cached] 1 asset
assets by path *.js 1.83 MiB
  asset bundle.js 1.83 MiB [emitted] (name: main)
  asset main.6b06553cb3dacf7a49fc.hot-update.js 2.86 KiB [emitted] [immutable] [hmr] (name: main)
asset main.6b06553cb3dacf7a49fc.hot-update.json 28 bytes [emitted] [immutable] [hmr]
Entrypoint main 1.83 MiB = bundle.js 1.83 MiB main.6b06553cb3dacf7a49fc.hot-update.js 2.86 KiB
cached modules 1.6 MiB [cached] 102 modules
runtime modules 27.5 KiB 14 modules
./src/index.js 639 bytes [built] [code generated]
webpack 5.99.9 compiled successfully in 88 ms
Injecting EditorRootWrapper import: ../.ve/EditorRootWrapper
assets by status 1.92 KiB [cached] 1 asset
assets by path *.js 1.83 MiB
  asset bundle.js 1.83 MiB [emitted] (name: main)
  asset main.73ef46455ddbccd52734.hot-update.js 2.99 KiB [emitted] [immutable] [hmr] (name: main)
asset main.73ef46455ddbccd52734.hot-update.json 28 bytes [emitted] [immutable] [hmr]
Entrypoint main 1.83 MiB = bundle.js 1.83 MiB main.73ef46455ddbccd52734.hot-update.js 2.99 KiB
cached modules 1.6 MiB [cached] 102 modules
runtime modules 27.5 KiB 14 modules
./src/index.js 770 bytes [built] [code generated]
webpack 5.99.9 compiled successfully in 54 ms
